
tetiboot.elf:     file format elf32-avr

Sections:
Idx Name          Size      VMA       LMA       File off  Algn
  0 .data         00000000  00800100  00800100  00000202  2**0
                  CONTENTS, ALLOC, LOAD, DATA
  1 .text         000001ae  00007e00  00007e00  00000054  2**1
                  CONTENTS, ALLOC, LOAD, READONLY, CODE
  2 .comment      00000011  00000000  00000000  00000202  2**0
                  CONTENTS, READONLY
  3 .debug_aranges 00000028  00000000  00000000  00000213  2**0
                  CONTENTS, READONLY, DEBUGGING
  4 .debug_info   000005d6  00000000  00000000  0000023b  2**0
                  CONTENTS, READONLY, DEBUGGING
  5 .debug_abbrev 0000021a  00000000  00000000  00000811  2**0
                  CONTENTS, READONLY, DEBUGGING
  6 .debug_line   000003a4  00000000  00000000  00000a2b  2**0
                  CONTENTS, READONLY, DEBUGGING
  7 .debug_frame  0000008c  00000000  00000000  00000dd0  2**2
                  CONTENTS, READONLY, DEBUGGING
  8 .debug_str    000001c7  00000000  00000000  00000e5c  2**0
                  CONTENTS, READONLY, DEBUGGING
  9 .debug_loc    00000321  00000000  00000000  00001023  2**0
                  CONTENTS, READONLY, DEBUGGING
 10 .debug_ranges 00000090  00000000  00000000  00001344  2**0
                  CONTENTS, READONLY, DEBUGGING

Disassembly of section .text:

00007e00 <main>:
int main() {
    uint8_t ch;
    register uint16_t address = 0;
    register uint8_t bytelength;
    
    asm volatile ("clr __zero_reg__");
    7e00:	11 24       	eor	r1, r1
    ch = MCUSR;
    7e02:	94 b7       	in	r25, 0x34	; 52
    MCUSR = 0;
    7e04:	14 be       	out	0x34, r1	; 52
    WDTCSR = _BV(WDCE) | _BV(WDE);
    WDTCSR = timeout;
}

static inline void resetWatchdog() {
    __asm__ __volatile__ ("wdr\n");
    7e06:	a8 95       	wdr
#define WD_4S     (_BV(WDP3) | _BV(WDE))
#define WD_8S     (_BV(WDP3) | _BV(WDP0) | _BV(WDE))

static inline void setWatchdog(uint8_t timeout) {
    resetWatchdog();
    WDTCSR = _BV(WDCE) | _BV(WDE);
    7e08:	88 e1       	ldi	r24, 0x18	; 24
    7e0a:	80 93 60 00 	sts	0x0060, r24	; 0x800060 <__DATA_REGION_ORIGIN__>
    WDTCSR = timeout;
    7e0e:	2e e0       	ldi	r18, 0x0E	; 14
    7e10:	20 93 60 00 	sts	0x0060, r18	; 0x800060 <__DATA_REGION_ORIGIN__>

    setWatchdog(WD_1S);
    // Set up Timer 1 for timeout counter
    TCCR1B = _BV(CS12) | _BV(CS10); // div 1024
    7e14:	25 e0       	ldi	r18, 0x05	; 5
    7e16:	20 93 81 00 	sts	0x0081, r18	; 0x800081 <__DATA_REGION_ORIGIN__+0x21>

    if (ch & _BV(EXTRF)) {
    7e1a:	91 ff       	sbrs	r25, 1
    7e1c:	80 c0       	rjmp	.+256    	; 0x7f1e <main+0x11e>
        // external reset, start bootloader
        // flashLED(2, PINB2);

        // set up UART comm at 115200 baud
        UCSR0A = _BV(U2X0); // Double speed mode USART0
    7e1e:	92 e0       	ldi	r25, 0x02	; 2
    7e20:	90 93 c0 00 	sts	0x00C0, r25	; 0x8000c0 <__DATA_REGION_ORIGIN__+0x60>
        UCSR0B = _BV(RXEN0) | _BV(TXEN0);
    7e24:	80 93 c1 00 	sts	0x00C1, r24	; 0x8000c1 <__DATA_REGION_ORIGIN__+0x61>
        UCSR0C = _BV(UCSZ00) | _BV(UCSZ01);
    7e28:	86 e0       	ldi	r24, 0x06	; 6
    7e2a:	80 93 c2 00 	sts	0x00C2, r24	; 0x8000c2 <__DATA_REGION_ORIGIN__+0x62>
        UBRR0L = (uint8_t)( (F_CPU + BAUD_RATE * 4L) / (BAUD_RATE * 8L) - 1);
    7e2e:	85 e1       	ldi	r24, 0x15	; 21
    7e30:	80 93 c4 00 	sts	0x00C4, r24	; 0x8000c4 <__DATA_REGION_ORIGIN__+0x64>

#include "spmlpm.h"

int main() {
    uint8_t ch;
    register uint16_t address = 0;
    7e34:	d0 e0       	ldi	r29, 0x00	; 0
    7e36:	c0 e0       	ldi	r28, 0x00	; 0
    // - Set up the address in the Z pointer
    // - Set up the data in R1:R0
    // - Write 0x01 to SPMCSR
    // - Do SPM
    static const uint8_t fill = 0x01;
    __asm__ __volatile__ (
    7e38:	dd 24       	eor	r13, r13
    7e3a:	d3 94       	inc	r13
    // To erase a page:
    // - Set up the address in the Z pointer
    // - Write 0x03 to SPMCSR
    // - Do SPM
    static const uint8_t erase = 0x03;
    __asm__ __volatile__ (
    7e3c:	93 e0       	ldi	r25, 0x03	; 3
    7e3e:	c9 2e       	mov	r12, r25
    // To write a page:
    // - Set up the address in the Z pointer
    // - Write 0x05 to SPMCSR
    // - Do SPM
    static const uint8_t write = 0x05;
    __asm__ __volatile__ (
    7e40:	25 e0       	ldi	r18, 0x05	; 5
    7e42:	b2 2e       	mov	r11, r18
    // To re-enable RWW section:
    // - Ensure previous SPM instruction is done
    // - Write 0x11 to SPMCSR
    // - Do SPM
    static const uint8_t rww_reenable = 0x11;
    __asm__ __volatile__ (
    7e44:	31 e1       	ldi	r19, 0x11	; 17
    7e46:	a3 2e       	mov	r10, r19
        UBRR0L = (uint8_t)( (F_CPU + BAUD_RATE * 4L) / (BAUD_RATE * 8L) - 1);

        // Infinite loop to read STK500 commands
        for (;;) {
            /* get character from UART */
            ch = getch();
    7e48:	97 d0       	rcall	.+302    	; 0x7f78 <getch>

            if(ch == STK_GET_PARAMETER) {
    7e4a:	81 34       	cpi	r24, 0x41	; 65
                getch();
    7e4c:	29 f4       	brne	.+10     	; 0x7e58 <main+0x58>
                waitForEOP();
    7e4e:	94 d0       	rcall	.+296    	; 0x7f78 <getch>
                putch(0x03);
    7e50:	9f d0       	rcall	.+318    	; 0x7f90 <waitForEOP>
    7e52:	83 e0       	ldi	r24, 0x03	; 3
    7e54:	8a d0       	rcall	.+276    	; 0x7f6a <putch>
            }
            else if(ch == STK_READ_SIGN) {
    7e56:	60 c0       	rjmp	.+192    	; 0x7f18 <main+0x118>
                waitForEOP();
    7e58:	85 37       	cpi	r24, 0x75	; 117
                putch(SIGNATURE_0);
    7e5a:	41 f4       	brne	.+16     	; 0x7e6c <main+0x6c>
    7e5c:	99 d0       	rcall	.+306    	; 0x7f90 <waitForEOP>
                putch(SIGNATURE_1);
    7e5e:	8e e1       	ldi	r24, 0x1E	; 30
    7e60:	84 d0       	rcall	.+264    	; 0x7f6a <putch>
                putch(SIGNATURE_2);
    7e62:	85 e9       	ldi	r24, 0x95	; 149
    7e64:	82 d0       	rcall	.+260    	; 0x7f6a <putch>
    7e66:	8f e0       	ldi	r24, 0x0F	; 15
            }
            else if(ch == STK_SET_DEVICE) {
    7e68:	80 d0       	rcall	.+256    	; 0x7f6a <putch>
                ignoreCommand(20);
    7e6a:	56 c0       	rjmp	.+172    	; 0x7f18 <main+0x118>
    7e6c:	82 34       	cpi	r24, 0x42	; 66
                waitForEOP();
    7e6e:	21 f4       	brne	.+8      	; 0x7e78 <main+0x78>
    7e70:	84 e1       	ldi	r24, 0x14	; 20
            }
            else if(ch == STK_SET_DEVICE_EXT) {
    7e72:	95 d0       	rcall	.+298    	; 0x7f9e <ignoreCommand>
                ignoreCommand(5);
    7e74:	8d d0       	rcall	.+282    	; 0x7f90 <waitForEOP>
    7e76:	50 c0       	rjmp	.+160    	; 0x7f18 <main+0x118>
                waitForEOP();
    7e78:	85 34       	cpi	r24, 0x45	; 69
    7e7a:	21 f4       	brne	.+8      	; 0x7e84 <main+0x84>
            }
            else if(ch == STK_UNIVERSAL) {
    7e7c:	85 e0       	ldi	r24, 0x05	; 5
    7e7e:	8f d0       	rcall	.+286    	; 0x7f9e <ignoreCommand>
                ignoreCommand(4);
    7e80:	87 d0       	rcall	.+270    	; 0x7f90 <waitForEOP>
    7e82:	4a c0       	rjmp	.+148    	; 0x7f18 <main+0x118>
                waitForEOP();
    7e84:	86 35       	cpi	r24, 0x56	; 86
    7e86:	21 f4       	brne	.+8      	; 0x7e90 <main+0x90>
            }
            else if(ch == STK_LOAD_ADDRESS) {
    7e88:	84 e0       	ldi	r24, 0x04	; 4
    7e8a:	89 d0       	rcall	.+274    	; 0x7f9e <ignoreCommand>
                uint8_t addr_low = getch();
    7e8c:	81 d0       	rcall	.+258    	; 0x7f90 <waitForEOP>
    7e8e:	44 c0       	rjmp	.+136    	; 0x7f18 <main+0x118>
                uint8_t addr_high = getch();
    7e90:	85 35       	cpi	r24, 0x55	; 85
                address = (addr_high << 8) | (addr_low);
    7e92:	41 f4       	brne	.+16     	; 0x7ea4 <main+0xa4>
                address *= 2; // to byte address
    7e94:	71 d0       	rcall	.+226    	; 0x7f78 <getch>
    7e96:	c8 2f       	mov	r28, r24
                waitForEOP();
    7e98:	6f d0       	rcall	.+222    	; 0x7f78 <getch>
    7e9a:	d8 2f       	mov	r29, r24
    7e9c:	cc 0f       	add	r28, r28
            }
            else if(ch == STK_PROG_PAGE) {
    7e9e:	dd 1f       	adc	r29, r29
    7ea0:	77 d0       	rcall	.+238    	; 0x7f90 <waitForEOP>
                uint8_t bytelength, wordlength;
                uint16_t word;
                uint8_t word_low, word_high;
                uint16_t addr = address;

                getch();
    7ea2:	3a c0       	rjmp	.+116    	; 0x7f18 <main+0x118>
    7ea4:	84 36       	cpi	r24, 0x64	; 100
                bytelength = getch();
    7ea6:	29 f5       	brne	.+74     	; 0x7ef2 <main+0xf2>
    7ea8:	67 d0       	rcall	.+206    	; 0x7f78 <getch>
                wordlength = bytelength / 2;
    7eaa:	66 d0       	rcall	.+204    	; 0x7f78 <getch>
                getch();
    7eac:	18 2f       	mov	r17, r24
    7eae:	16 95       	lsr	r17
            }
            else if(ch == STK_PROG_PAGE) {
                uint8_t bytelength, wordlength;
                uint16_t word;
                uint8_t word_low, word_high;
                uint16_t addr = address;
    7eb0:	63 d0       	rcall	.+198    	; 0x7f78 <getch>
                bytelength = getch();
                wordlength = bytelength / 2;
                getch();

                do {
                    word_low = getch();
    7eb2:	7e 01       	movw	r14, r28
    7eb4:	61 d0       	rcall	.+194    	; 0x7f78 <getch>
    7eb6:	08 2f       	mov	r16, r24
                    word_high = getch();
    7eb8:	5f d0       	rcall	.+190    	; 0x7f78 <getch>
    7eba:	98 2f       	mov	r25, r24
                    word = (word_high << 8) | word_low;
    7ebc:	80 2f       	mov	r24, r16
    7ebe:	f7 01       	movw	r30, r14
    // - Set up the address in the Z pointer
    // - Set up the data in R1:R0
    // - Write 0x01 to SPMCSR
    // - Do SPM
    static const uint8_t fill = 0x01;
    __asm__ __volatile__ (
    7ec0:	0c 01       	movw	r0, r24
    7ec2:	d7 be       	out	0x37, r13	; 55
    7ec4:	e8 95       	spm
    7ec6:	11 24       	eor	r1, r1
    7ec8:	f2 e0       	ldi	r31, 0x02	; 2
                    spm_fill_buffer(addr, word);
                    addr += 2;
    7eca:	ef 0e       	add	r14, r31
    7ecc:	f1 1c       	adc	r15, r1
                } while (--wordlength);
    7ece:	11 50       	subi	r17, 0x01	; 1
                waitForEOP();
    7ed0:	89 f7       	brne	.-30     	; 0x7eb4 <main+0xb4>
    // To erase a page:
    // - Set up the address in the Z pointer
    // - Write 0x03 to SPMCSR
    // - Do SPM
    static const uint8_t erase = 0x03;
    __asm__ __volatile__ (
    7ed2:	5e d0       	rcall	.+188    	; 0x7f90 <waitForEOP>
    7ed4:	fe 01       	movw	r30, r28

                spm_erase(address);
                while(SPMCSR & _BV(SPMEN));
    7ed6:	c7 be       	out	0x37, r12	; 55
    7ed8:	e8 95       	spm
    7eda:	07 b6       	in	r0, 0x37	; 55
    // To write a page:
    // - Set up the address in the Z pointer
    // - Write 0x05 to SPMCSR
    // - Do SPM
    static const uint8_t write = 0x05;
    __asm__ __volatile__ (
    7edc:	00 fc       	sbrc	r0, 0
    7ede:	fd cf       	rjmp	.-6      	; 0x7eda <main+0xda>
                spm_write(address);
                while(SPMCSR & _BV(SPMEN));
    7ee0:	fe 01       	movw	r30, r28
    7ee2:	b7 be       	out	0x37, r11	; 55
    // To re-enable RWW section:
    // - Ensure previous SPM instruction is done
    // - Write 0x11 to SPMCSR
    // - Do SPM
    static const uint8_t rww_reenable = 0x11;
    __asm__ __volatile__ (
    7ee4:	e8 95       	spm
    7ee6:	07 b6       	in	r0, 0x37	; 55
                spm_rww_reenable();
            }
            else if(ch == STK_READ_PAGE) {
    7ee8:	00 fc       	sbrc	r0, 0
    7eea:	fd cf       	rjmp	.-6      	; 0x7ee6 <main+0xe6>
                getch();
    7eec:	a7 be       	out	0x37, r10	; 55
    7eee:	e8 95       	spm
                bytelength = getch();
    7ef0:	13 c0       	rjmp	.+38     	; 0x7f18 <main+0x118>
    7ef2:	84 37       	cpi	r24, 0x74	; 116
    7ef4:	61 f4       	brne	.+24     	; 0x7f0e <main+0x10e>
                getch();
    7ef6:	40 d0       	rcall	.+128    	; 0x7f78 <getch>
    7ef8:	3f d0       	rcall	.+126    	; 0x7f78 <getch>
                waitForEOP();
    7efa:	18 2f       	mov	r17, r24
    7efc:	3d d0       	rcall	.+122    	; 0x7f78 <getch>
    // - Load address to the Z pointer
    // - Specify destination address (default: r0)
    // - Do LPM
    char ch;

    __asm__ __volatile__ ("" : : "z" (address));
    7efe:	48 d0       	rcall	.+144    	; 0x7f90 <waitForEOP>
    7f00:	fe 01       	movw	r30, r28
    while (length--) {
        __asm__ __volatile__ (
    7f02:	02 c0       	rjmp	.+4      	; 0x7f08 <main+0x108>
            "lpm %[ch], Z+\n\t"
            : [ch] "=r" (ch)
        );
        putch(ch);
    7f04:	85 91       	lpm	r24, Z+
    7f06:	31 d0       	rcall	.+98     	; 0x7f6a <putch>
    // - Specify destination address (default: r0)
    // - Do LPM
    char ch;

    __asm__ __volatile__ ("" : : "z" (address));
    while (length--) {
    7f08:	11 50       	subi	r17, 0x01	; 1
    7f0a:	e0 f7       	brcc	.-8      	; 0x7f04 <main+0x104>
    7f0c:	05 c0       	rjmp	.+10     	; 0x7f18 <main+0x118>

                read_page(address, bytelength);
            }
            else if (ch == STK_LEAVE_PROGMODE) {
    7f0e:	81 35       	cpi	r24, 0x51	; 81
    7f10:	11 f4       	brne	.+4      	; 0x7f16 <main+0x116>
                waitForEOP();
    7f12:	3e d0       	rcall	.+124    	; 0x7f90 <waitForEOP>
    7f14:	01 c0       	rjmp	.+2      	; 0x7f18 <main+0x118>
    7f16:	3c d0       	rcall	.+120    	; 0x7f90 <waitForEOP>
            }
            else {
                waitForEOP();
    7f18:	80 e1       	ldi	r24, 0x10	; 16
    7f1a:	27 d0       	rcall	.+78     	; 0x7f6a <putch>
            }

            putch(STK_OK);
    7f1c:	95 cf       	rjmp	.-214    	; 0x7e48 <main+0x48>
    7f1e:	1c d0       	rcall	.+56     	; 0x7f58 <jumpToApp>
    7f20:	90 e0       	ldi	r25, 0x00	; 0
        UBRR0L = (uint8_t)( (F_CPU + BAUD_RATE * 4L) / (BAUD_RATE * 8L) - 1);

        // Infinite loop to read STK500 commands
        for (;;) {
            /* get character from UART */
            ch = getch();
    7f22:	80 e0       	ldi	r24, 0x00	; 0

00007f24 <flashLED>:
        // }
    }
    else {
        // other reset source, jump directly to app
        // flashLED(2, PINB3);
        jumpToApp();
    7f24:	94 b1       	in	r25, 0x04	; 4
    7f26:	21 e0       	ldi	r18, 0x01	; 1
    }
}
    7f28:	30 e0       	ldi	r19, 0x00	; 0
    7f2a:	01 c0       	rjmp	.+2      	; 0x7f2e <flashLED+0xa>

void flashLED(uint8_t count, uint8_t pin) {
    /* Set LED pin as output */
    DDRB |= _BV(pin);
    7f2c:	22 0f       	add	r18, r18
    7f2e:	6a 95       	dec	r22
    7f30:	ea f7       	brpl	.-6      	; 0x7f2c <flashLED+0x8>
    7f32:	32 2f       	mov	r19, r18
    7f34:	29 2b       	or	r18, r25
    7f36:	24 b9       	out	0x04, r18	; 4

    do {
        TCNT1 = -(F_CPU/(1024*16));
    7f38:	4c e3       	ldi	r20, 0x3C	; 60
    7f3a:	5b ef       	ldi	r21, 0xFB	; 251
        TIFR1 = _BV(TOV1);
    7f3c:	21 e0       	ldi	r18, 0x01	; 1
void flashLED(uint8_t count, uint8_t pin) {
    /* Set LED pin as output */
    DDRB |= _BV(pin);

    do {
        TCNT1 = -(F_CPU/(1024*16));
    7f3e:	50 93 85 00 	sts	0x0085, r21	; 0x800085 <__DATA_REGION_ORIGIN__+0x25>
    7f42:	40 93 84 00 	sts	0x0084, r20	; 0x800084 <__DATA_REGION_ORIGIN__+0x24>
        TIFR1 = _BV(TOV1);
    7f46:	26 bb       	out	0x16, r18	; 22
        // wait until timer overflow
        while(!(TIFR1 & _BV(TOV1)));
    7f48:	b0 9b       	sbis	0x16, 0	; 22
    7f4a:	fe cf       	rjmp	.-4      	; 0x7f48 <flashLED+0x24>
        // toggle pin
        PINB |= _BV(pin);
    7f4c:	93 b1       	in	r25, 0x03	; 3
    7f4e:	93 2b       	or	r25, r19
    7f50:	93 b9       	out	0x03, r25	; 3
    } while (--count);
    7f52:	81 50       	subi	r24, 0x01	; 1
    7f54:	a1 f7       	brne	.-24     	; 0x7f3e <flashLED+0x1a>
}
    7f56:	08 95       	ret

00007f58 <jumpToApp>:
}

static inline void resetWatchdog() {
    __asm__ __volatile__ ("wdr\n");
    7f58:	a8 95       	wdr
#define WD_4S     (_BV(WDP3) | _BV(WDE))
#define WD_8S     (_BV(WDP3) | _BV(WDP0) | _BV(WDE))

static inline void setWatchdog(uint8_t timeout) {
    resetWatchdog();
    WDTCSR = _BV(WDCE) | _BV(WDE);
    7f5a:	e0 e6       	ldi	r30, 0x60	; 96
    7f5c:	f0 e0       	ldi	r31, 0x00	; 0
    7f5e:	88 e1       	ldi	r24, 0x18	; 24
    7f60:	80 83       	st	Z, r24
    WDTCSR = timeout;
    7f62:	10 82       	st	Z, r1
void jumpToApp() {
    // Jump to app start address (0x0000)
    // this is done by setting the Z register (R31:R30) to 0
    // and do indirect jump (IJMP)
    setWatchdog(WD_OFF);
    __asm__ __volatile__ (
    7f64:	ee 27       	eor	r30, r30
    7f66:	ff 27       	eor	r31, r31
    7f68:	09 94       	ijmp

00007f6a <putch>:
        "ijmp\n"
    );
}

void putch(char ch) {
    while (!(UCSR0A & _BV(UDRE0)));
    7f6a:	90 91 c0 00 	lds	r25, 0x00C0	; 0x8000c0 <__DATA_REGION_ORIGIN__+0x60>
    7f6e:	95 ff       	sbrs	r25, 5
    7f70:	fc cf       	rjmp	.-8      	; 0x7f6a <putch>
    UDR0 = ch; 
    7f72:	80 93 c6 00 	sts	0x00C6, r24	; 0x8000c6 <__DATA_REGION_ORIGIN__+0x66>
}
    7f76:	08 95       	ret

00007f78 <getch>:

char getch() {
    char ch;
    while (!(UCSR0A & _BV(RXC0)));
    7f78:	80 91 c0 00 	lds	r24, 0x00C0	; 0x8000c0 <__DATA_REGION_ORIGIN__+0x60>
    7f7c:	87 ff       	sbrs	r24, 7
    7f7e:	fc cf       	rjmp	.-8      	; 0x7f78 <getch>
    if (!(UCSR0A & _BV(FE0))) {
    7f80:	80 91 c0 00 	lds	r24, 0x00C0	; 0x8000c0 <__DATA_REGION_ORIGIN__+0x60>
    7f84:	84 fd       	sbrc	r24, 4
    7f86:	01 c0       	rjmp	.+2      	; 0x7f8a <getch+0x12>
}

static inline void resetWatchdog() {
    __asm__ __volatile__ ("wdr\n");
    7f88:	a8 95       	wdr
        // Frame not error
        resetWatchdog();
    }
    ch = UDR0;
    7f8a:	80 91 c6 00 	lds	r24, 0x00C6	; 0x8000c6 <__DATA_REGION_ORIGIN__+0x66>
    return ch;
}
    7f8e:	08 95       	ret

00007f90 <waitForEOP>:

void waitForEOP() {
    if(getch() == CRC_EOP) {
    7f90:	f3 df       	rcall	.-26     	; 0x7f78 <getch>
    7f92:	80 32       	cpi	r24, 0x20	; 32
    7f94:	11 f4       	brne	.+4      	; 0x7f9a <waitForEOP+0xa>
        putch(STK_INSYNC);
    }
    else {
        putch(STK_NOSYNC);
    7f96:	84 e1       	ldi	r24, 0x14	; 20
    7f98:	e8 cf       	rjmp	.-48     	; 0x7f6a <putch>
    7f9a:	85 e1       	ldi	r24, 0x15	; 21
    7f9c:	fd cf       	rjmp	.-6      	; 0x7f98 <waitForEOP+0x8>

00007f9e <ignoreCommand>:
    }
}

void ignoreCommand(uint8_t length) {
    7f9e:	cf 93       	push	r28
    7fa0:	c8 2f       	mov	r28, r24
    while (length--) {
    7fa2:	c1 50       	subi	r28, 0x01	; 1
    7fa4:	10 f4       	brcc	.+4      	; 0x7faa <ignoreCommand+0xc>
        getch();
    };
}
    7fa6:	cf 91       	pop	r28
    }
}

void ignoreCommand(uint8_t length) {
    while (length--) {
        getch();
    7fa8:	08 95       	ret
    7faa:	e6 df       	rcall	.-52     	; 0x7f78 <getch>
    7fac:	fa cf       	rjmp	.-12     	; 0x7fa2 <ignoreCommand+0x4>
